// Jest Snapshot v1, https://goo.gl/fbAQLP

exports[`renders correctly 1`] = `
<View
  onLayout={[Function]}
  style={
    Object {
      "flexDirection": "row",
      "height": 1334,
    }
  }
>
  <View
    style={
      Object {
        "display": "none",
      }
    }
  >
    <Text>
      750
    </Text>
  </View>
  <View
    style={
      Object {
        "alignItems": "center",
        "flex": 4,
        "justifyContent": "center",
      }
    }
  >
    <Text
      style={
        Object {
          "marginBottom": 20,
        }
      }
    >
      Welcome to the Pokemon App!
    </Text>
    <View
      accessible={true}
      collapsable={false}
      focusable={true}
      nativeID="animatedComponent"
      onClick={[Function]}
      onResponderGrant={[Function]}
      onResponderMove={[Function]}
      onResponderRelease={[Function]}
      onResponderTerminate={[Function]}
      onResponderTerminationRequest={[Function]}
      onStartShouldSetResponder={[Function]}
      style={
        Object {
          "backgroundColor": "grey",
          "borderRadius": 2,
          "marginBottom": 20,
          "opacity": 1,
          "padding": 10,
        }
      }
    >
      <Text>
        Click for Pokemon!
      </Text>
    </View>
    <Image
      source={
        Object {
          "uri": "https://pngimg.com/uploads/pokeball/pokeball_PNG29.png",
        }
      }
      style={
        Object {
          "height": 300,
          "width": 300,
        }
      }
    />
  </View>
</View>
`;
